// Vitest Snapshot v1, https://vitest.dev/guide/snapshot.html

exports[`should work with mhchem 1`] = `
"<p class='katex-block'><span class="katex-display"><span class="katex"><span class="katex-mathml"><math xmlns="http://www.w3.org/1998/Math/MathML" display="block"><semantics><mrow><mi mathvariant="normal">H</mi><msub><mpadded width="0px"><mphantom><mi>X</mi></mphantom></mpadded><mpadded height="0px"><mn>2</mn></mpadded></msub><mi mathvariant="normal">O</mi></mrow><annotation encoding="application/x-tex">\\ce{H2O}
</annotation></semantics></math></span><span class="katex-html" aria-hidden="true"><span class="base"><span class="strut" style="height:0.8333em;vertical-align:-0.15em;"></span><span class="mord"><span class="mord mathrm">H</span><span class="mord"><span class="mord"><span class="mord rlap"><span class="inner"><span class="mord" style="color:transparent;"><span class="mord mathnormal" style="margin-right:0.07847em;color:transparent;">X</span></span></span><span class="fix"></span></span></span><span class="msupsub"><span class="vlist-t vlist-t2"><span class="vlist-r"><span class="vlist" style="height:-0.15em;"><span style="top:-2.55em;margin-right:0.05em;"><span class="pstrut" style="height:2.7em;"></span><span class="sizing reset-size6 size3 mtight"><span class="mord mtight"><span class="mord mtight"><span class="vlist-t"><span class="vlist-r"><span class="vlist" style="height:0em;"><span style="top:-2.7em;"><span class="pstrut" style="height:2.7em;"></span><span><span class="mord mtight"><span class="mord mtight">2</span></span></span></span></span></span></span></span></span></span></span></span><span class="vlist-s">â€‹</span></span><span class="vlist-r"><span class="vlist" style="height:0.15em;"><span></span></span></span></span></span></span><span class="mord mathrm">O</span></span></span></span></span></span></p>
"
`;
